SQL> --사용자 기억이 안난다... 해결책 딕셔너리 확인해보자
SQL> --수백여가지의 딕셔너리 중 어떤 시스템 테이블을 조회?? user_ 시작하는 테이블
SQL> --주석 정정 현재 사용자가 시스템 계정이므로 dba_ 로 시작하는 테이블 조회가능
SQL> desc dba_users;
 Name                                      Null?    Type
 ----------------------------------------- -------- ----------------------------
 USERNAME                                  NOT NULL VARCHAR2(30)
 USER_ID                                   NOT NULL NUMBER
 PASSWORD                                           VARCHAR2(30)
 ACCOUNT_STATUS                            NOT NULL VARCHAR2(32)
 LOCK_DATE                                          DATE
 EXPIRY_DATE                                        DATE
 DEFAULT_TABLESPACE                        NOT NULL VARCHAR2(30)
 TEMPORARY_TABLESPACE                      NOT NULL VARCHAR2(30)
 CREATED                                   NOT NULL DATE
 PROFILE                                   NOT NULL VARCHAR2(30)
 INITIAL_RSRC_CONSUMER_GROUP                        VARCHAR2(30)
 EXTERNAL_NAME                                      VARCHAR2(4000)
 PASSWORD_VERSIONS                                  VARCHAR2(8)
 EDITIONS_ENABLED                                   VARCHAR2(1)
 AUTHENTICATION_TYPE                                VARCHAR2(8)

SQL> select username from dba_users;

USERNAME                                                                        
------------------------------------------------------------                    
SYS                                                                             
SYSTEM                                                                          
ANONYMOUS                                                                       
FRONT                                                                           
ADAM                                                                            
NODE                                                                            
APEX_PUBLIC_USER                                                                
FLOWS_FILES                                                                     
APEX_040000                                                                     
OUTLN                                                                           
DIP                                                                             

USERNAME                                                                        
------------------------------------------------------------                    
ORACLE_OCM                                                                      
XS$NULL                                                                         
MDSYS                                                                           
CTXSYS                                                                          
DBSNMP                                                                          
XDB                                                                             
APPQOSSYS                                                                       
HR                                                                              

19 rows selected.

SQL> --node 사용자 계정으로 접속
SQL> conn node/node
Connected.
SQL> ed
Wrote file afiedt.buf

  1  create table notice(
  2    notice_id number primary key
  3    , title varchar(100)
  4    , writer varchar(20)
  5    , content clob
  6    , regdate date default sysdate
  7    , hit number default 0
  8* )
SQL> /

Table created.

SQL> ed
Wrote file afiedt.buf

  1  create  table  comments(
  2    comments_id  number  primary key 
  3    , news_id  number
  4    , msg  varchar(100)
  5    , author  varchar(20)
  6    , writeday  date  default sysdate 
  7    , constraint  fk_newscomments  foreign key (news_id) references news(news_id)
  8* )
  9  /
  , constraint  fk_newscomments  foreign key (news_id) references news(news_id)
                                                                  *
ERROR at line 7:
ORA-00942: table or view does not exist 


SQL> drop table notice;

Table dropped.

SQL> ed
Wrote file afiedt.buf

  1  create  table  news(
  2     notice_id  number  primary key 
  3    , title varchar(100)
  4    , writer varchar(20)
  5    , content  clob 
  6    , regdate  date default sysdate 
  7    , hit number  default 0
  8* )
SQL> /

Table created.

SQL> ed
Wrote file afiedt.buf

  1  create  table  comments(
  2     comments_id  number  primary key 
  3    , news_id  number
  4    , msg  varchar(100)
  5    , author  varchar(20)
  6    , writeday  date  default sysdate 
  7    , constraint  fk_newscomments  foreign key (news_id) references news(news_id)
  8* )


SQL> create sequence seq_news
  2  increment by 1
  3  start with 1;

Sequence created.

SQL> create sequence seq_comments
  2  increment by 1
  3  start with 1;

Sequence created.


